
> 026connet!-nextjs@0.1.0 build
> next build

Ôû▓ Next.js 16.2.10 (Turbopack)
- Environments: .env.local
- Experiments (use with caution):
  ┬À optimizePackageImports

  Creating an optimized production build ...
node.exe : 
At line:1 char:1
+ & "C:\Program Files\nodejs/node.exe" "C:\Program Files\nodejs/node_mo 
...
+ ~~~~~~~~~~~~~~~~~~~~~~~~~~~~~~~~~~~~~~~~~~~~~~~~~~~~~~~~~~~~~~~~~~~~~
    + CategoryInfo          : NotSpecified: (:String) [], RemoteException
    + FullyQualifiedErrorId : NativeCommandError
 
> Build error occurred
Error: Turbopack build failed with 2 errors:
./Downloads/026news-nextjs/app/api/articles/route.ts:146:1
Expected a semicolon
  [90m144 |[0m [90m * POST /api/articles - Create new article 
(authenticated journalists only)[0m
  [90m145 |[0m [90m */[0m
[31m[1m>[0m [90m146 |[0m [36mexport[0m [36masync[0m 
[36mfunction[0m [33mPOST[0m(req: [33mNextRequest[0m) {
  [90m    |[0m [31m[1m^[0m
  [90m147 |[0m   [36mtry[0m {
  [90m148 |[0m     [90m// Check rate limit[0m
  [90m149 |[0m     [36mconst[0m ip = getClientIp(req.headers)

Parsing ecmascript source code failed


./Downloads/026news-nextjs/app/api/cron/process-queue/route.ts:15:27
Expression expected
  [90m13 |[0m [90m *   "crons": [{[0m
  [90m14 |[0m [90m *     "path": "/api/cron/process-queue",[0m
[31m[1m>[0m [90m15 |[0m [90m *     "schedule": "*/[0m[35m5[0m * 
* * *[32m"  // Every 5 minutes[0m
  [90m   |[0m                           [31m[1m^[0m
  [90m16 |[0m [32m *   }][0m
  [90m17 |[0m [32m * }[0m
  [90m18 |[0m [32m */[0m

Parsing ecmascript source code failed


    at <unknown> 
(./Downloads/026news-nextjs/app/api/articles/route.ts:146:1)
    at <unknown> 
(./Downloads/026news-nextjs/app/api/cron/process-queue/route.ts:15:27)
